[00:46:29] [ServerMain/INFO]: [bootstrap] Running Java 21 (OpenJDK 64-Bit Server VM 21.0.9+10-Ubuntu-124.04; Ubuntu null) on Linux 6.8.0-1030-azure (amd64)
[00:46:29] [ServerMain/INFO]: [bootstrap] Loading Paper 1.21.8-6-main@782ce95 (2025-07-18T20:26:58Z) for Minecraft 1.21.8
[00:46:29] [ServerMain/INFO]: [PluginInitializerManager] Initializing plugins...
[00:46:31] [ServerMain/INFO]: [PluginInitializerManager] Initialized 4 plugins
[00:46:31] [ServerMain/INFO]: [PluginInitializerManager] Bukkit plugins (4):
 - SimpleTpa (8.0), SkinsRestorer (15.9.1), Timber (1.7.4), UltraSetHome (1.7.9)
[00:46:39] [ServerMain/INFO]: Environment: Environment[sessionHost=https://sessionserver.mojang.com, servicesHost=https://api.minecraftservices.com, name=PROD]
[00:46:42] [ServerMain/INFO]: Loaded 1407 recipes
[00:46:42] [ServerMain/INFO]: Loaded 1520 advancements
[00:46:42] [ServerMain/INFO]: [ca.spottedleaf.dataconverter.minecraft.datatypes.MCTypeRegistry] Initialising converters for DataConverter...
[00:46:43] [ServerMain/INFO]: [ca.spottedleaf.dataconverter.minecraft.datatypes.MCTypeRegistry] Finished initialising converters for DataConverter in 683.7ms
[00:46:43] [Server thread/INFO]: Starting minecraft server version 1.21.8
[00:46:43] [Server thread/INFO]: Loading properties
[00:46:43] [Server thread/INFO]: This server is running Paper version 1.21.8-6-main@782ce95 (2025-07-18T20:26:58Z) (Implementing API version 1.21.8-R0.1-SNAPSHOT)
[00:46:43] [Server thread/INFO]: [spark] This server bundles the spark profiler. For more information please visit https://docs.papermc.io/paper/profiling
[00:46:43] [Server thread/INFO]: Server Ping Player Sample Count: 12
[00:46:43] [Server thread/INFO]: Using 4 threads for Netty based IO
[00:46:45] [Server thread/INFO]: [MoonriseCommon] Paper is using 1 worker threads, 1 I/O threads
[00:46:45] [Server thread/INFO]: [ChunkTaskScheduler] Chunk system is using population gen parallelism: true
[00:46:45] [Server thread/INFO]: Default game type: SURVIVAL
[00:46:45] [Server thread/INFO]: Generating keypair
[00:46:46] [Server thread/INFO]: Starting Minecraft server on *:25565
[00:46:46] [Server thread/INFO]: Using epoll channel type
[00:46:46] [Server thread/INFO]: Paper: Using libdeflate (Linux x86_64) compression from Velocity.
[00:46:46] [Server thread/INFO]: Paper: Using OpenSSL 3.x.x (Linux x86_64) cipher from Velocity.
[00:46:46] [Server thread/INFO]: [SimpleTpa] Loading server plugin SimpleTpa v8.0
[00:46:46] [Server thread/INFO]: [Timber] Loading server plugin Timber v1.7.4
[00:46:46] [Server thread/INFO]: [SkinsRestorer] Loading server plugin SkinsRestorer v15.9.1
[00:46:46] [Server thread/INFO]: [UltraSetHome] Loading server plugin UltraSetHome v1.7.9
[00:46:46] [Server thread/INFO]: Server permissions file permissions.yml is empty, ignoring it
[00:46:46] [Server thread/INFO]: [SkinsRestorer] Enabling SkinsRestorer v15.9.1
[00:46:48] [Server thread/INFO]: [SkinsRestorer] Running on Minecraft 1.21.8.
[00:46:49] [Server thread/INFO]: [SkinsRestorer] Using paper join listener!
[00:46:49] [Server thread/WARN]: **** SERVER IS RUNNING IN OFFLINE/INSECURE MODE!
[00:46:49] [Server thread/WARN]: The server will make no attempt to authenticate usernames. Beware.
[00:46:49] [Server thread/WARN]: While this makes the game possible to play without internet access, it also opens up the ability for hackers to connect with any username they choose.
[00:46:49] [Server thread/WARN]: To change this, set "online-mode" to "true" in the server.properties file.
[00:46:49] [Server thread/INFO]: Preparing level "world"
[00:46:49] [Folia Async Scheduler Thread #1/INFO]: [SkinsRestorer] ----------------------------------------------
[00:46:49] [Folia Async Scheduler Thread #1/INFO]: [SkinsRestorer]     +==================+
[00:46:49] [Folia Async Scheduler Thread #1/INFO]: [SkinsRestorer]     |   SkinsRestorer  |
[00:46:49] [Folia Async Scheduler Thread #1/INFO]: [SkinsRestorer]     |------------------|
[00:46:49] [Folia Async Scheduler Thread #1/INFO]: [SkinsRestorer]     |  Standalone Mode |
[00:46:49] [Folia Async Scheduler Thread #1/INFO]: [SkinsRestorer]     +==================+
[00:46:49] [Folia Async Scheduler Thread #1/INFO]: [SkinsRestorer] ----------------------------------------------
[00:46:49] [Folia Async Scheduler Thread #1/INFO]: [SkinsRestorer]     Version: 15.9.1
[00:46:49] [Folia Async Scheduler Thread #1/INFO]: [SkinsRestorer]     Commit: ee713cb
[00:46:49] [Folia Async Scheduler Thread #1/INFO]: [SkinsRestorer]     A new version (15.10.0) is available! Downloading update...
[00:46:49] [Folia Async Scheduler Thread #1/INFO]: [SkinsRestorer] ----------------------------------------------
[00:46:49] [Folia Async Scheduler Thread #1/INFO]: [SkinsRestorer] Do you have issues? Read our troubleshooting guide: https://skinsrestorer.net/docs/troubleshooting
[00:46:49] [Folia Async Scheduler Thread #1/INFO]: [SkinsRestorer] Want to support SkinsRestorer? Consider donating: https://skinsrestorer.net/donate
[00:46:49] [Folia Async Scheduler Thread #1/INFO]: [SkinsRestorer] [GitHubUpdate] Downloading update...
[00:46:51] [Server thread/INFO]: Preparing start region for dimension minecraft:overworld
[00:46:51] [Folia Async Scheduler Thread #1/INFO]: [SkinsRestorer] [GitHubUpdate] Downloaded update in 1747ms
[00:46:51] [Folia Async Scheduler Thread #1/INFO]: [SkinsRestorer] [GitHubUpdate] Update saved as SkinsRestorer.jar
[00:46:51] [Folia Async Scheduler Thread #1/INFO]: [SkinsRestorer] [GitHubUpdate] The update will be loaded on the next server restart
[00:46:51] [Server thread/INFO]: Preparing spawn area: 0%
[00:46:51] [Server thread/INFO]: Preparing spawn area: 0%
[00:46:52] [Server thread/INFO]: Preparing spawn area: 2%
[00:46:53] [Server thread/INFO]: Preparing spawn area: 4%
[00:46:53] [Server thread/INFO]: Preparing spawn area: 4%
[00:46:53] [Server thread/INFO]: Time elapsed: 2242 ms
[00:46:53] [Server thread/INFO]: Preparing start region for dimension minecraft:the_nether
[00:46:53] [Server thread/INFO]: Preparing spawn area: 0%
[00:46:53] [Server thread/INFO]: Preparing spawn area: 8%
[00:46:54] [Server thread/INFO]: Preparing spawn area: 46%
[00:46:54] [Server thread/INFO]: Time elapsed: 1078 ms
[00:46:54] [Server thread/INFO]: Preparing start region for dimension minecraft:the_end
[00:46:54] [Server thread/INFO]: Preparing spawn area: 0%
[00:46:54] [Server thread/INFO]: Preparing spawn area: 26%
[00:46:55] [Server thread/INFO]: Time elapsed: 863 ms
[00:46:55] [Server thread/INFO]: [SimpleTpa] Enabling SimpleTpa v8.0
[00:46:55] [Server thread/INFO]: [SimpleTpa] If you need support contact me at https://discord.gg/SZUkza9
[00:46:55] [Server thread/INFO]: [SimpleTpa] Simple Tpa has been enabled on version 8.0
[00:46:55] [Server thread/INFO]: Enabled metrics. You may opt-out by changing plugins/bStats/config.yml
[00:46:55] [Server thread/INFO]: [Timber] Enabling Timber v1.7.4
[00:46:55] [Server thread/WARN]: LogBlock isn't injected! 
[00:46:55] [Server thread/WARN]: Install the plugin to improve tree detection 
[00:46:55] [Server thread/WARN]: Download link: https://www.curseforge.com/minecraft/bukkit-plugins/logblocks 
[00:46:56] [Server thread/INFO]: 
	Plugin [Timber] Update Available
	Your version: 1.7.4 | Latest: 1.8.0
	Download: https://www.curseforge.com/minecraft/bukkit-plugins/treetimber
[00:46:56] [Server thread/INFO]: [UltraSetHome] Enabling UltraSetHome v1.7.9
[00:46:58] [Server thread/INFO]: [spark] Starting background profiler...
[00:46:59] [Server thread/INFO]: Done preparing level "world" (9.566s)
[00:46:59] [Server thread/INFO]: Running delayed init tasks
[00:46:59] [Server thread/INFO]: Done (32.067s)! For help, type "help"
[00:46:59] [Server thread/INFO]: [UltraSetHome] You are using the latest version of UltraSetHome.
[00:47:02] [User Authenticator #0/INFO]: UUID of player Cordero is 3afa5259-9195-3581-8695-94be58c3c89d
[00:47:04] [Server thread/INFO]: Environment: Environment[sessionHost=https://sessionserver.mojang.com, servicesHost=https://api.minecraftservices.com, name=PROD]
[00:47:04] [Server thread/INFO]: Cordero joined the game
[00:47:04] [Server thread/INFO]: Cordero[/127.54.101.182:48551] logged in with entity id 10 at ([world]-104.07144757535242, 62.0, 4784.363791411652)
[00:47:06] [Server thread/WARN]: Can't keep up! Is the server overloaded? Running 2579ms or 51 ticks behind
[00:51:08] [Server thread/INFO]: Stopping the server
[00:51:08] [Server thread/INFO]: Stopping server
[00:51:08] [Server thread/INFO]: [UltraSetHome] Disabling UltraSetHome v1.7.9
[00:51:08] [Server thread/INFO]: [SkinsRestorer] Disabling SkinsRestorer v15.9.1
[00:51:08] [Server thread/INFO]: [Timber] Disabling Timber v1.7.4
[00:51:08] [Server thread/INFO]: [SimpleTpa] Disabling SimpleTpa v8.0
[00:51:08] [Server thread/INFO]: [SimpleTpa] If you need support contact me at https://discord.gg/SZUkza9
[00:51:08] [Server thread/INFO]: [SimpleTpa] Simple Tpa has been disabled on version 8.0
[00:51:08] [Server thread/INFO]: Saving players
[00:51:09] [Server thread/INFO]: Cordero lost connection: Server closed
[00:51:09] [Server thread/INFO]: Cordero left the game
[00:51:09] [Server thread/INFO]: Saving worlds
[00:51:09] [Server thread/INFO]: Saving chunks for level 'ServerLevel[world]'/minecraft:overworld
[00:51:09] [Server thread/INFO]: [ChunkHolderManager] Waiting 60s for chunk system to halt for world 'world'
[00:51:09] [Server thread/INFO]: [ChunkHolderManager] Halted chunk system for world 'world'
[00:51:09] [Server thread/INFO]: [ChunkHolderManager] Saving all chunkholders for world 'world'
[00:51:11] [Server thread/INFO]: [ChunkHolderManager] Saved 699 block chunks, 699 entity chunks, 0 poi chunks in world 'world' in 2.44s
[00:51:11] [Server thread/INFO]: [ChunkHolderManager] Waiting 60s for chunk I/O to halt for world 'world'
[00:51:11] [Server thread/INFO]: [ChunkHolderManager] Halted I/O scheduler for world 'world'
[00:51:11] [Server thread/INFO]: Saving chunks for level 'ServerLevel[world_nether]'/minecraft:the_nether
[00:51:11] [Server thread/INFO]: [ChunkHolderManager] Waiting 60s for chunk system to halt for world 'world_nether'
[00:51:11] [Server thread/INFO]: [ChunkHolderManager] Halted chunk system for world 'world_nether'
[00:51:11] [Server thread/INFO]: [ChunkHolderManager] Saving all chunkholders for world 'world_nether'
[00:51:12] [Server thread/INFO]: [ChunkHolderManager] Saved 49 block chunks, 49 entity chunks, 0 poi chunks in world 'world_nether' in 0.27s
[00:51:12] [Server thread/INFO]: [ChunkHolderManager] Waiting 60s for chunk I/O to halt for world 'world_nether'
[00:51:12] [Server thread/INFO]: [ChunkHolderManager] Halted I/O scheduler for world 'world_nether'
[00:51:12] [Server thread/INFO]: Saving chunks for level 'ServerLevel[world_the_end]'/minecraft:the_end
[00:51:12] [Server thread/INFO]: [ChunkHolderManager] Waiting 60s for chunk system to halt for world 'world_the_end'
[00:51:12] [Server thread/INFO]: [ChunkHolderManager] Halted chunk system for world 'world_the_end'
[00:51:12] [Server thread/INFO]: [ChunkHolderManager] Saving all chunkholders for world 'world_the_end'
[00:51:12] [Server thread/INFO]: [ChunkHolderManager] Saved 49 block chunks, 49 entity chunks, 0 poi chunks in world 'world_the_end' in 0.08s
[00:51:12] [Server thread/INFO]: [ChunkHolderManager] Waiting 60s for chunk I/O to halt for world 'world_the_end'
[00:51:12] [Server thread/INFO]: [ChunkHolderManager] Halted I/O scheduler for world 'world_the_end'
[00:51:12] [Server thread/INFO]: ThreadedAnvilChunkStorage (world): All chunks are saved
[00:51:12] [Server thread/INFO]: ThreadedAnvilChunkStorage (DIM-1): All chunks are saved
[00:51:12] [Server thread/INFO]: ThreadedAnvilChunkStorage (DIM1): All chunks are saved
[00:51:12] [Server thread/INFO]: ThreadedAnvilChunkStorage: All dimensions are saved
[00:51:12] [Server thread/INFO]: Waiting for all RegionFile I/O tasks to complete...
[00:51:12] [Server thread/INFO]: All RegionFile I/O tasks to complete
[00:51:12] [Server thread/INFO]: [MoonriseCommon] Awaiting termination of worker pool for up to 60s...
[00:51:12] [Server thread/INFO]: [MoonriseCommon] Awaiting termination of I/O pool for up to 60s...
